sources/app/submarine_game/sub_game_submarine.cpp:37:6:void sub_game_submarine_draw_hp()	40	static
sources/app/submarine_game/sub_game_submarine.cpp:44:6:void sub_game_submarine_setup()	0	static
sources/app/submarine_game/sub_game_submarine.cpp:56:6:void sub_game_submarine_up()	0	static
sources/app/submarine_game/sub_game_submarine.cpp:63:6:void sub_game_submarine_down()	0	static
sources/app/submarine_game/sub_game_submarine.cpp:68:6:void sub_game_submarine_reset()	0	static
sources/app/submarine_game/sub_game_submarine.cpp:73:6:void sub_game_submarine_draw()	24	static
sources/app/submarine_game/sub_game_submarine.cpp:118:6:void sub_game_submarine_update()	8	static
sources/app/submarine_game/sub_game_submarine.cpp:84:6:void sub_game_submarine_handle(ak_msg_t*)	8	static
