sources/app/submarine_game/sub_game_obstacle.cpp:17:6:void sub_game_obstacle_setup()	0	static
sources/app/submarine_game/sub_game_obstacle.cpp:23:6:void sub_game_obstacle_spawn(uint8_t)	24	static
sources/app/submarine_game/sub_game_obstacle.cpp:43:6:void sub_game_obstacle_update()	8	static
sources/app/submarine_game/sub_game_obstacle.cpp:57:6:void sub_game_obstacle_draw()	40	static
sources/app/submarine_game/sub_game_obstacle.cpp:72:9:uint8_t sub_game_obstacle_hit_submarine()	20	static
sources/app/submarine_game/sub_game_obstacle.cpp:88:6:void sub_game_obstacle_handle(ak_msg_t*)	8	static
