sources/app/submarine_game/sub_game_submarine.cpp:34:6:void sub_game_submarine_draw_hp()	40	static
sources/app/submarine_game/sub_game_submarine.cpp:41:6:void sub_game_submarine_setup()	0	static
sources/app/submarine_game/sub_game_submarine.cpp:49:6:void sub_game_submarine_up()	0	static
sources/app/submarine_game/sub_game_submarine.cpp:57:6:void sub_game_submarine_down()	0	static
sources/app/submarine_game/sub_game_submarine.cpp:65:6:void sub_game_submarine_reset()	0	static
sources/app/submarine_game/sub_game_submarine.cpp:70:6:void sub_game_submarine_draw()	24	static
sources/app/submarine_game/sub_game_submarine.cpp:81:6:void sub_game_submarine_handle(ak_msg_t*)	8	static
