Archive member included to satisfy reference by file (symbol)

/home/thaikha/Workspace/Tools/gcc-arm-none-eabi-10.3-2021.10/arm-none-eabi/lib/thumb/v7-m/nofp/libc.a(lib_a-atof.o)
                              build_submarine-dodge-application/WString.o (atof)
/home/thaikha/Workspace/Tools/gcc-arm-none-eabi-10.3-2021.10/arm-none-eabi/lib/thumb/v7-m/nofp/libc.a(lib_a-atol.o)
                              build_submarine-dodge-application/WString.o (atol)
/home/thaikha/Workspace/Tools/gcc-arm-none-eabi-10.3-2021.10/arm-none-eabi/lib/thumb/v7-m/nofp/libc.a(lib_a-isspace.o)
                              build_submarine-dodge-application/WString.o (isspace)
/home/thaikha/Workspace/Tools/gcc-arm-none-eabi-10.3-2021.10/arm-none-eabi/lib/thumb/v7-m/nofp/libc.a(lib_a-malloc.o)
                              build_submarine-dodge-application/message.o (malloc)
/home/thaikha/Workspace/Tools/gcc-arm-none-eabi-10.3-2021.10/arm-none-eabi/lib/thumb/v7-m/nofp/libc.a(lib_a-mallocr.o)
                              /home/thaikha/Workspace/Tools/gcc-arm-none-eabi-10.3-2021.10/arm-none-eabi/lib/thumb/v7-m/nofp/libc.a(lib_a-malloc.o) (_malloc_r)
/home/thaikha/Workspace/Tools/gcc-arm-none-eabi-10.3-2021.10/arm-none-eabi/lib/thumb/v7-m/nofp/libc.a(lib_a-memcmp.o)
                              build_submarine-dodge-application/mbmfuncfiles.o (memcmp)
/home/thaikha/Workspace/Tools/gcc-arm-none-eabi-10.3-2021.10/arm-none-eabi/lib/thumb/v7-m/nofp/libc.a(lib_a-memcpy.o)
                              build_submarine-dodge-application/message.o (memcpy)
/home/thaikha/Workspace/Tools/gcc-arm-none-eabi-10.3-2021.10/arm-none-eabi/lib/thumb/v7-m/nofp/libc.a(lib_a-memmove.o)
                              build_submarine-dodge-application/WString.o (memmove)
/home/thaikha/Workspace/Tools/gcc-arm-none-eabi-10.3-2021.10/arm-none-eabi/lib/thumb/v7-m/nofp/libc.a(lib_a-memset.o)
                              build_submarine-dodge-application/task.o (memset)
/home/thaikha/Workspace/Tools/gcc-arm-none-eabi-10.3-2021.10/arm-none-eabi/lib/thumb/v7-m/nofp/libc.a(lib_a-mlock.o)
                              /home/thaikha/Workspace/Tools/gcc-arm-none-eabi-10.3-2021.10/arm-none-eabi/lib/thumb/v7-m/nofp/libc.a(lib_a-mallocr.o) (__malloc_lock)
/home/thaikha/Workspace/Tools/gcc-arm-none-eabi-10.3-2021.10/arm-none-eabi/lib/thumb/v7-m/nofp/libc.a(lib_a-rand.o)
                              build_submarine-dodge-application/WMath.o (srand)
/home/thaikha/Workspace/Tools/gcc-arm-none-eabi-10.3-2021.10/arm-none-eabi/lib/thumb/v7-m/nofp/libc.a(lib_a-realloc.o)
                              build_submarine-dodge-application/WString.o (realloc)
/home/thaikha/Workspace/Tools/gcc-arm-none-eabi-10.3-2021.10/arm-none-eabi/lib/thumb/v7-m/nofp/libc.a(lib_a-reallocr.o)
                              /home/thaikha/Workspace/Tools/gcc-arm-none-eabi-10.3-2021.10/arm-none-eabi/lib/thumb/v7-m/nofp/libc.a(lib_a-realloc.o) (_realloc_r)
/home/thaikha/Workspace/Tools/gcc-arm-none-eabi-10.3-2021.10/arm-none-eabi/lib/thumb/v7-m/nofp/libc.a(lib_a-sbrkr.o)
                              /home/thaikha/Workspace/Tools/gcc-arm-none-eabi-10.3-2021.10/arm-none-eabi/lib/thumb/v7-m/nofp/libc.a(lib_a-mallocr.o) (_sbrk_r)
/home/thaikha/Workspace/Tools/gcc-arm-none-eabi-10.3-2021.10/arm-none-eabi/lib/thumb/v7-m/nofp/libc.a(lib_a-strcat.o)
                              build_submarine-dodge-application/dtostrf.o (strcat)
/home/thaikha/Workspace/Tools/gcc-arm-none-eabi-10.3-2021.10/arm-none-eabi/lib/thumb/v7-m/nofp/libc.a(lib_a-strchr.o)
                              build_submarine-dodge-application/WString.o (strchr)
/home/thaikha/Workspace/Tools/gcc-arm-none-eabi-10.3-2021.10/arm-none-eabi/lib/thumb/v7-m/nofp/libc.a(lib_a-strcmp.o)
                              build_submarine-dodge-application/cmd_line.o (strcmp)
/home/thaikha/Workspace/Tools/gcc-arm-none-eabi-10.3-2021.10/arm-none-eabi/lib/thumb/v7-m/nofp/libc.a(lib_a-strcpy.o)
                              build_submarine-dodge-application/sys_dbg.o (strcpy)
/home/thaikha/Workspace/Tools/gcc-arm-none-eabi-10.3-2021.10/arm-none-eabi/lib/thumb/v7-m/nofp/libc.a(lib_a-strlen-stub.o)
                              build_submarine-dodge-application/xprintf.o (strlen)
/home/thaikha/Workspace/Tools/gcc-arm-none-eabi-10.3-2021.10/arm-none-eabi/lib/thumb/v7-m/nofp/libc.a(lib_a-strncmp.o)
                              build_submarine-dodge-application/WString.o (strncmp)
/home/thaikha/Workspace/Tools/gcc-arm-none-eabi-10.3-2021.10/arm-none-eabi/lib/thumb/v7-m/nofp/libc.a(lib_a-strncpy.o)
                              build_submarine-dodge-application/WString.o (strncpy)
/home/thaikha/Workspace/Tools/gcc-arm-none-eabi-10.3-2021.10/arm-none-eabi/lib/thumb/v7-m/nofp/libc.a(lib_a-strrchr.o)
                              build_submarine-dodge-application/WString.o (strrchr)
/home/thaikha/Workspace/Tools/gcc-arm-none-eabi-10.3-2021.10/arm-none-eabi/lib/thumb/v7-m/nofp/libc.a(lib_a-strstr.o)
[...]
Memory Configuration

Name             Origin             Length             Attributes
BSF              0x0000000008002000 0x0000000000001000 xr
FLASH            0x0000000008003000 0x000000000001d000 xr
SRAM             0x0000000020000000 0x0000000000004000 xrw
*default*        0x0000000000000000 0xffffffffffffffff

Linker script and memory map

                0x0000000000000800                HEAP_SIZE = 0x800

.start_boot_share_data_flash
                0x0000000008002000        0x0
                0x0000000008002000                _start_boot_share_data_flash = .

.start_flash    0x0000000008003000        0x0
                0x0000000008003000                _start_flash = .

.isr_vector     0x0000000008003000       0xf4
                0x0000000008003000                _isr_vector = .
 *(.isr_vector)
 .isr_vector    0x0000000008003000       0xf4 build_submarine-dodge-application/system.o
                0x0000000008003000                isr_vector
                0x00000000080030f4                . = ALIGN (0x4)

.text           0x00000000080030f8     0xf9d0
                0x00000000080030f8                . = ALIGN (0x4)
 *(.text)
 .text          0x00000000080030f8       0xec /home/thaikha/Workspace/Tools/gcc-arm-none-eabi-10.3-2021.10/arm-none-eabi/lib/thumb/v7-m/nofp/libc.a(lib_a-memcpy.o)
                0x00000000080030f8                memcpy
 .text          0x00000000080031e4      0x1bc /home/thaikha/Workspace/Tools/gcc-arm-none-eabi-10.3-2021.10/arm-none-eabi/lib/thumb/v7-m/nofp/libc.a(lib_a-strcmp.o)
                0x00000000080031e4                strcmp
 .text          0x00000000080033a0      0x378 /home/thaikha/Workspace/Tools/gcc-arm-none-eabi-10.3-2021.10/lib/gcc/arm-none-eabi/10.3.1/thumb/v7-m/nofp/libgcc.a(_arm_addsubdf3.o)
                0x00000000080033a0                __aeabi_drsub
                0x00000000080033a8                __aeabi_dsub
                0x00000000080033a8                __subdf3
                0x00000000080033ac                __adddf3
                0x00000000080033ac                __aeabi_dadd
                0x0000000008003624                __aeabi_ui2d
                0x0000000008003624                __floatunsidf
                0x0000000008003644                __floatsidf
                0x0000000008003644                __aeabi_i2d
                0x0000000008003668                __extendsfdf2
                0x0000000008003668                __aeabi_f2d
                0x00000000080036ac                __aeabi_ul2d
                0x00000000080036ac                __floatundidf
                0x00000000080036bc                __floatdidf
                0x00000000080036bc                __aeabi_l2d
 .text          0x0000000008003718      0x424 /home/thaikha/Workspace/Tools/gcc-arm-none-eabi-10.3-2021.10/lib/gcc/arm-none-eabi/10.3.1/thumb/v7-m/nofp/libgcc.a(_arm_muldivdf3.o)
                0x0000000008003718                __aeabi_dmul
                0x0000000008003718                __muldf3
                0x000000000800396c                __aeabi_ddiv
                0x000000000800396c                __divdf3
 .text          0x0000000008003b3c      0x110 /home/thaikha/Workspace/Tools/gcc-arm-none-eabi-10.3-2021.10/lib/gcc/arm-none-eabi/10.3.1/thumb/v7-m/nofp/libgcc.a(_arm_cmpdf2.o)
                0x0000000008003b3c                __gtdf2
                0x0000000008003b3c                __gedf2
                0x0000000008003b44                __ltdf2
                0x0000000008003b44                __ledf2
                0x0000000008003b4c                __cmpdf2
                0x0000000008003b4c                __eqdf2
                0x0000000008003b4c                __nedf2
                0x0000000008003bc8                __aeabi_cdrcmple
                0x0000000008003bd8                __aeabi_cdcmple
                0x0000000008003bd8                __aeabi_cdcmpeq
                0x0000000008003be8                __aeabi_dcmpeq
                0x0000000008003bfc                __aeabi_dcmplt
                0x0000000008003c10                __aeabi_dcmple
                0x0000000008003c24                __aeabi_dcmpge
                0x0000000008003c38                __aeabi_dcmpgt
 .text          0x0000000008003c4c       0x2c /home/thaikha/Workspace/Tools/gcc-arm-none-eabi-10.3-2021.10/lib/gcc/arm-none-eabi/10.3.1/thumb/v7-m/nofp/libgcc.a(_arm_unorddf2.o)
                0x0000000008003c4c                __aeabi_dcmpun
                0x0000000008003c4c                __unorddf2
 .text          0x0000000008003c78       0x50 /home/thaikha/Workspace/Tools/gcc-arm-none-eabi-10.3-2021.10/lib/gcc/arm-none-eabi/10.3.1/thumb/v7-m/nofp/libgcc.a(_arm_fixdfsi.o)
                0x0000000008003c78                __fixdfsi
                0x0000000008003c78                __aeabi_d2iz
 .text          0x0000000008003cc8       0x40 /home/thaikha/Workspace/Tools/gcc-arm-none-eabi-10.3-2021.10/lib/gcc/arm-none-eabi/10.3.1/thumb/v7-m/nofp/libgcc.a(_arm_fixunsdfsi.o)
                0x0000000008003cc8                __fixunsdfsi
                0x0000000008003cc8                __aeabi_d2uiz
 .text          0x0000000008003d08      0x21c /home/thaikha/Workspace/Tools/gcc-arm-none-eabi-10.3-2021.10/lib/gcc/arm-none-eabi/10.3.1/thumb/v7-m/nofp/libgcc.a(_arm_addsubsf3.o)
                0x0000000008003d08                __aeabi_frsub
                0x0000000008003d10                __subsf3
                0x0000000008003d10                __aeabi_fsub
                0x0000000008003d14                __aeabi_fadd
                0x0000000008003d14                __addsf3
                0x0000000008003e74                __aeabi_ui2f
                0x0000000008003e74                __floatunsisf
                0x0000000008003e7c                __aeabi_i2f
                0x0000000008003e7c                __floatsisf
                0x0000000008003e98                __floatundisf
                0x0000000008003e98                __aeabi_ul2f
                0x0000000008003ea8                __floatdisf
                0x0000000008003ea8                __aeabi_l2f
 .text          0x0000000008003f24       0x30 /home/thaikha/Workspace/Tools/gcc-arm-none-eabi-10.3-2021.10/lib/gcc/arm-none-eabi/10.3.1/thumb/v7-m/nofp/libgcc.a(_aeabi_uldivmod.o)
                0x0000000008003f24                __aeabi_uldivmod
 .text          0x0000000008003f54      0x2d4 /home/thaikha/Workspace/Tools/gcc-arm-none-eabi-10.3-2021.10/lib/gcc/arm-none-eabi/10.3.1/thumb/v7-m/nofp/libgcc.a(_udivmoddi4.o)
                0x0000000008003f54                __udivmoddi4
 .text          0x0000000008004228        0x4 /home/thaikha/Workspace/Tools/gcc-arm-none-eabi-10.3-2021.10/lib/gcc/arm-none-eabi/10.3.1/thumb/v7-m/nofp/libgcc.a(_dvmd_tls.o)
                0x0000000008004228                __aeabi_ldiv0
                0x0000000008004228                __aeabi_idiv0
 *(.text*)
 .text.fsm_dispatch
                0x000000000800422c        0x6 build_submarine-dodge-application/fsm.o
                0x000000000800422c                fsm_dispatch
 *fill*         0x0000000008004232        0x2 
 .text.task_create
                0x0000000008004234       0x3c build_submarine-dodge-application/task.o
                0x0000000008004234                task_create
 .text.task_polling_create
                0x0000000008004270       0x34 build_submarine-dodge-application/task.o
                0x0000000008004270                task_polling_create
 .text.task_post
                0x00000000080042a4       0x84 build_submarine-dodge-application/task.o
                0x00000000080042a4                task_post
 .text.task_remove_msg
                0x0000000008004328       0xb4 build_submarine-dodge-application/task.o
                0x0000000008004328                task_remove_msg
 .text.task_post_pure_msg
                0x00000000080043dc       0x18 build_submarine-dodge-application/task.o
                0x00000000080043dc                task_post_pure_msg
 .text.task_post_common_msg
                0x00000000080043f4       0x2a build_submarine-dodge-application/task.o
                0x00000000080043f4                task_post_common_msg
 *fill*         0x000000000800441e        0x2 
 .text.task_entry_interrupt
                0x0000000008004420       0x1c build_submarine-dodge-application/task.o
                0x0000000008004420                task_entry_interrupt
 .text.task_exit_interrupt
                0x000000000800443c       0x24 build_submarine-dodge-application/task.o
                0x000000000800443c                task_exit_interrupt
 .text.task_init
                0x0000000008004460       0x40 build_submarine-dodge-application/task.o
                0x0000000008004460                task_init
 .text.task_polling_run
                0x00000000080044a0       0x34 build_submarine-dodge-application/task.o
                0x00000000080044a0                task_polling_run
 .text.task_run
                0x00000000080044d4      0x138 build_submarine-dodge-application/task.o
                0x00000000080044d4                task_run
 .text.get_current_task_id
                0x000000000800460c        0xc build_submarine-dodge-application/task.o
                0x000000000800460c                get_current_task_id
 .text.get_current_task_info
                0x0000000008004618        0x8 build_submarine-dodge-application/task.o
                0x0000000008004618                get_current_task_info
 .text.get_current_active_object
                0x0000000008004620        0x8 build_submarine-dodge-application/task.o
                0x0000000008004620                get_current_active_object
 .text.timer_remove_msg
                0x0000000008004628       0x64 build_submarine-dodge-application/timer.o
 .text.task_timer_tick
                0x000000000800468c       0x7c build_submarine-dodge-application/timer.o
                0x000000000800468c                task_timer_tick
 .text.timer_init
                0x0000000008004708       0x6c build_submarine-dodge-application/timer.o
                0x0000000008004708                timer_init
 .text.timer_tick
                0x0000000008004774       0x38 build_submarine-dodge-application/timer.o
                0x0000000008004774                timer_tick
 .text.timer_set
                0x00000000080047ac       0x98 build_submarine-dodge-application/timer.o
                0x00000000080047ac                timer_set
 .text.timer_remove_attr
                0x0000000008004844       0x18 build_submarine-dodge-application/timer.o
                0x0000000008004844                timer_remove_attr
 .text.free_common_msg
                0x000000000800485c       0x28 build_submarine-dodge-application/message.o
 .text.free_pure_msg
                0x0000000008004884       0x28 build_submarine-dodge-application/message.o
 .text.free_dynamic_msg
                0x00000000080048ac       0x30 build_submarine-dodge-application/message.o
 .text.msg_init
                0x00000000080048dc      0x100 build_submarine-dodge-application/message.o
                0x00000000080048dc                msg_init
 .text.msg_force_free
                0x00000000080049dc       0x44 build_submarine-dodge-application/message.o
                0x00000000080049dc                msg_force_free
 .text.msg_inc_ref_count
                0x0000000008004a20       0x2c build_submarine-dodge-application/message.o
                0x0000000008004a20                msg_inc_ref_count
 .text.msg_dec_ref_count
                0x0000000008004a4c       0x28 build_submarine-dodge-application/message.o
                0x0000000008004a4c                msg_dec_ref_count
 .text.msg_free
                0x0000000008004a74       0x58 build_submarine-dodge-application/message.o
                0x0000000008004a74                msg_free
 .text.ak_malloc
                0x0000000008004acc       0x50 build_submarine-dodge-application/message.o
                0x0000000008004acc                ak_malloc
 .text.ak_free  0x0000000008004b1c        0x4 build_submarine-dodge-application/message.o
                0x0000000008004b1c                ak_free
 .text.get_pure_msg
                0x0000000008004b20       0x5c build_submarine-dodge-application/message.o
                0x0000000008004b20                get_pure_msg
 .text.get_common_msg
                0x0000000008004b7c       0x60 build_submarine-dodge-application/message.o
                0x0000000008004b7c                get_common_msg
 .text.set_data_common_msg
                0x0000000008004bdc       0x4c build_submarine-dodge-application/message.o
                0x0000000008004bdc                set_data_common_msg
 .text.get_data_common_msg
                0x0000000008004c28       0x28 build_submarine-dodge-application/message.o
                0x0000000008004c28                get_data_common_msg
 .text.get_data_len_common_msg
                0x0000000008004c50       0x28 build_submarine-dodge-application/message.o
                0x0000000008004c50                get_data_len_common_msg
 .text.get_dynamic_msg
                0x0000000008004c78       0x64 build_submarine-dodge-application/message.o
                0x0000000008004c78                get_dynamic_msg
 .text.set_data_dynamic_msg
                0x0000000008004cdc       0x3c build_submarine-dodge-application/message.o
                0x0000000008004cdc                set_data_dynamic_msg
 .text.get_data_dynamic_msg
                0x0000000008004d18       0x28 build_submarine-dodge-application/message.o
                0x0000000008004d18                get_data_dynamic_msg
 .text.get_data_len_dynamic_msg
                0x0000000008004d40        0x4 build_submarine-dodge-application/message.o
                0x0000000008004d40                get_data_len_dynamic_msg
 .text.log_queue_init
                0x0000000008004d44       0x2e build_submarine-dodge-application/log_queue.o
                0x0000000008004d44                log_queue_init
 .text.log_queue_len
                0x0000000008004d72        0x4 build_submarine-dodge-application/log_queue.o
                0x0000000008004d72                log_queue_len
 .text.log_queue_put
                0x0000000008004d76       0x5c build_submarine-dodge-application/log_queue.o
                0x0000000008004d76                log_queue_put
 .text.log_queue_get
                0x0000000008004dd2       0x30 build_submarine-dodge-application/log_queue.o
                0x0000000008004dd2                log_queue_get
 .text.fifo_init
                0x0000000008004e02       0x12 build_submarine-dodge-application/fifo.o
                0x0000000008004e02                fifo_init
 .text.fifo_availble
                0x0000000008004e14        0x4 build_submarine-dodge-application/fifo.o
                0x0000000008004e14                fifo_availble
 .text.fifo_is_full
                0x0000000008004e18        0xc build_submarine-dodge-application/fifo.o
                0x0000000008004e18                fifo_is_full
 .text.fifo_put
                0x0000000008004e24       0x54 build_submarine-dodge-application/fifo.o
                0x0000000008004e24                fifo_put
 .text.fifo_get
                0x0000000008004e78       0x50 build_submarine-dodge-application/fifo.o
                0x0000000008004e78                fifo_get
 .text.ring_buffer_char_init
                0x0000000008004ec8        0xc build_submarine-dodge-application/ring_buffer.o
                0x0000000008004ec8                ring_buffer_char_init
 .text.ring_buffer_char_is_empty
                0x0000000008004ed4        0xa build_submarine-dodge-application/ring_buffer.o
                0x0000000008004ed4                ring_buffer_char_is_empty
 .text.ring_buffer_char_put
                0x0000000008004ede       0x36 build_submarine-dodge-application/ring_buffer.o
                0x0000000008004ede                ring_buffer_char_put
 .text.ring_buffer_char_get
                0x0000000008004f14       0x26 build_submarine-dodge-application/ring_buffer.o
                0x0000000008004f14                ring_buffer_char_get
 .text.mem_read
                0x0000000008004f3a       0x18 build_submarine-dodge-application/utils.o
                0x0000000008004f3a                mem_read
 .text.mem_write
                0x0000000008004f52       0x1a build_submarine-dodge-application/utils.o
                0x0000000008004f52                mem_write
 *fill*         0x0000000008004f6c        0x4 
 .text.ilog10   0x0000000008004f70       0xd8 build_submarine-dodge-application/xprintf.o
 .text.i10x     0x0000000008005048       0x78 build_submarine-dodge-application/xprintf.o
 .text.xfputc   0x00000000080050c0       0x30 build_submarine-dodge-application/xprintf.o
                0x00000000080050c0                xfputc
 .text.xputc    0x00000000080050f0       0x10 build_submarine-dodge-application/xprintf.o
                0x00000000080050f0                xputc
 .text.xvfprintf
                0x0000000008005100      0x580 build_submarine-dodge-application/xprintf.o
 .text.xprintf  0x0000000008005680       0x24 build_submarine-dodge-application/xprintf.o
                0x0000000008005680                xprintf
 .text.cmd_line_parser
                0x00000000080056a4       0x7c build_submarine-dodge-application/cmd_line.o
                0x00000000080056a4                cmd_line_parser
 .text.button_init
                0x0000000008005720       0x34 build_submarine-dodge-application/button.o
                0x0000000008005720                button_init
 .text.button_enable
                0x0000000008005754        0x6 build_submarine-dodge-application/button.o
                0x0000000008005754                button_enable
 .text.button_timer_polling
                0x000000000800575a       0x76 build_submarine-dodge-application/button.o
                0x000000000800575a                button_timer_polling
 .text.flash_wait_to_idle
                0x00000000080057d0       0x32 build_submarine-dodge-application/flash.o
 .text.flash_set_write_enable.constprop.0
                0x0000000008005802       0x14 build_submarine-dodge-application/flash.o
 .text.flash_is_connected
                0x0000000008005816       0x22 build_submarine-dodge-application/flash.o
                0x0000000008005816                flash_is_connected
 .text.flash_read
                0x0000000008005838       0x5e build_submarine-dodge-application/flash.o
                0x0000000008005838                flash_read
 .text.flash_write
                0x0000000008005896       0x6c build_submarine-dodge-application/flash.o
                0x0000000008005896                flash_write
 .text.flash_erase_sector
                0x0000000008005902       0x48 build_submarine-dodge-application/flash.o
                0x0000000008005902                flash_erase_sector
 .text.flash_erase_block_64k
                0x000000000800594a       0x46 build_submarine-dodge-application/flash.o
                0x000000000800594a                flash_erase_block_64k
 .text.led_init
                0x0000000008005990       0x20 build_submarine-dodge-application/led.o
                0x0000000008005990                led_init
 .text.led_on   0x00000000080059b0        0xc build_submarine-dodge-application/led.o
                0x00000000080059b0                led_on
 .text.led_off  0x00000000080059bc        0xc build_submarine-dodge-application/led.o
                0x00000000080059bc                led_off
 .text.led_toggle
                0x00000000080059c8       0x12 build_submarine-dodge-application/led.o
                0x00000000080059c8                led_toggle
 *fill*         0x00000000080059da        0x2 
 .text.BUZZER_Init
                0x00000000080059dc       0xe0 build_submarine-dodge-application/buzzer.o
                0x00000000080059dc                BUZZER_Init
 .text.BUZZER_Disable
                0x0000000008005abc       0x38 build_submarine-dodge-application/buzzer.o
                0x0000000008005abc                BUZZER_Disable
 .text.BUZZER_Enable
                0x0000000008005af4       0x84 build_submarine-dodge-application/buzzer.o
                0x0000000008005af4                BUZZER_Enable
 .text.buzzer_irq
                0x0000000008005b78       0x98 build_submarine-dodge-application/buzzer.o
                0x0000000008005b78                buzzer_irq
 .text.BUZZER_PlayTones
                0x0000000008005c10       0x1c build_submarine-dodge-application/buzzer.o
                0x0000000008005c10                BUZZER_PlayTones
 .text.getModeBits
                0x0000000008005c2c       0x30 build_submarine-dodge-application/qrcode.o
 .text.bb_appendBits
                0x0000000008005c5c       0x58 build_submarine-dodge-application/qrcode.o
 .text.bb_setBit
                0x0000000008005cb4       0x28 build_submarine-dodge-application/qrcode.o
 .text.bb_getBit
                0x0000000008005cdc       0x1a build_submarine-dodge-application/qrcode.o
 *fill*         0x0000000008005cf6        0x2 
 .text.applyMask
                0x0000000008005cf8      0x110 build_submarine-dodge-application/qrcode.o
 .text.setFunctionModule
                0x0000000008005e08       0x24 build_submarine-dodge-application/qrcode.o
 .text.drawFinderPattern
                0x0000000008005e2c       0x8a build_submarine-dodge-application/qrcode.o
 .text.drawFormatBits
                0x0000000008005eb6      0x114 build_submarine-dodge-application/qrcode.o
 *fill*         0x0000000008005fca        0x2 
 .text.getAlphanumeric
                0x0000000008005fcc       0x34 build_submarine-dodge-application/qrcode.o
 .text.qrcode_getBufferSize
                0x0000000008006000        0xe build_submarine-dodge-application/qrcode.o
                0x0000000008006000                qrcode_getBufferSize
 *fill*         0x000000000800600e        0x2 
 .text.qrcode_initBytes
                0x0000000008006010      0x9e0 build_submarine-dodge-application/qrcode.o
                0x0000000008006010                qrcode_initBytes
 .text.qrcode_initText
                0x00000000080069f0       0x2e build_submarine-dodge-application/qrcode.o
                0x00000000080069f0                qrcode_initText
 .text.qrcode_getModule
                0x0000000008006a1e       0x28 build_submarine-dodge-application/qrcode.o
                0x0000000008006a1e                qrcode_getModule
 *fill*         0x0000000008006a46        0x2 
 .text.sys_dbg_cpu_dump
                0x0000000008006a48       0x4c build_submarine-dodge-application/sys_dbg.o
                0x0000000008006a48                sys_dbg_cpu_dump
 .text.sys_dbg_stack_space_dump
                0x0000000008006a94       0x30 build_submarine-dodge-application/sys_dbg.o
                0x0000000008006a94                sys_dbg_stack_space_dump
 .text.sys_dbg_fatal
                0x0000000008006ac4      0x3cc build_submarine-dodge-application/sys_dbg.o
                0x0000000008006ac4                sys_dbg_fatal
 .text.sys_boot_init
                0x0000000008006e90       0x14 build_submarine-dodge-application/sys_boot.o
                0x0000000008006e90                sys_boot_init
 .text.sys_boot_get
                0x0000000008006ea4        0xc build_submarine-dodge-application/sys_boot.o
                0x0000000008006ea4                sys_boot_get
 .text.sys_boot_set
                0x0000000008006eb0       0x34 build_submarine-dodge-application/sys_boot.o
                0x0000000008006eb0                sys_boot_set
 .text.eMBExceptionToErrorcode
                0x0000000008006ee4       0x14 build_submarine-dodge-application/mbutils.o
                0x0000000008006ee4                eMBExceptionToErrorcode
 .text.eMBMReleaseHdl
                0x0000000008006ef8       0x58 build_submarine-dodge-application/mbm.o
 .text.bMBMResponseTimeoutCB
                0x0000000008006f50       0x18 build_submarine-dodge-application/mbm.o
 .text.bMBMIsHdlValid
                0x0000000008006f68       0x18 build_submarine-dodge-application/mbm.o
                0x0000000008006f68                bMBMIsHdlValid
 .text.vMBMMasterTransactionPolled
                0x0000000008006f80       0xae build_submarine-dodge-application/mbm.o
                0x0000000008006f80                vMBMMasterTransactionPolled
 *fill*         0x000000000800702e        0x2 
 .text.eMBMSerialInitExt
                0x0000000008007030       0xcc build_submarine-dodge-application/mbm.o
                0x0000000008007030                eMBMSerialInitExt
 .text.usMBMCRC16
                0x00000000080070fc       0x2c build_submarine-dodge-application/mbmcrc.o
                0x00000000080070fc                usMBMCRC16
 .text.bMBMSerialWaitCB
                0x0000000008007128       0x3c build_submarine-dodge-application/mbmrtu.o
 .text.bMBMSerialRTUT35CB
                0x0000000008007164       0x58 build_submarine-dodge-application/mbmrtu.o
 .text.bMBMSerialRTUTransmitterEmptyAPIV1CB
                0x00000000080071bc       0xb2 build_submarine-dodge-application/mbmrtu.o
 .text.bMBMSerialRTUReceiverAPIV1CB
                0x000000000800726e       0xa0 build_submarine-dodge-application/mbmrtu.o
 *fill*         0x000000000800730e        0x2 
 .text.eMBMSerialRTUFrameCloseInternal
                0x0000000008007310       0x90 build_submarine-dodge-application/mbmrtu.o
 .text.eMBMSerialRTUFrameReceive
                0x00000000080073a0       0xc4 build_submarine-dodge-application/mbmrtu.o
 .text.eMBMSerialRTUFrameSend
                0x0000000008007464       0xd0 build_submarine-dodge-application/mbmrtu.o
 .text.eMBMSerialRTUFrameClose
                0x0000000008007534       0x18 build_submarine-dodge-application/mbmrtu.o
 .text.eMBMSerialRTUInit
                0x000000000800754c      0x118 build_submarine-dodge-application/mbmrtu.o
                0x000000000800754c                eMBMSerialRTUInit
 .text.vMBMReadHoldingRegistersPolled
                0x0000000008007664      0x136 build_submarine-dodge-application/mbmfuncholding.o
                0x0000000008007664                vMBMReadHoldingRegistersPolled
 .text.eMBMReadHoldingRegisters
                0x000000000800779a       0x42 build_submarine-dodge-application/mbmfuncholding.o
                0x000000000800779a                eMBMReadHoldingRegisters
 .text.vMBMReadCoilsPolled
                0x00000000080077dc      0x114 build_submarine-dodge-application/mbmfunccoils.o
                0x00000000080077dc                vMBMReadCoilsPolled
 .text.eMBMReadCoils
                0x00000000080078f0       0x42 build_submarine-dodge-application/mbmfunccoils.o
                0x00000000080078f0                eMBMReadCoils
 .text.vMBMReadDiscreteInputsPolled
                0x0000000008007932      0x114 build_submarine-dodge-application/mbmfuncdisc.o
                0x0000000008007932                vMBMReadDiscreteInputsPolled
 .text.eMBMReadDiscreteInputs
                0x0000000008007a46       0x42 build_submarine-dodge-application/mbmfuncdisc.o
                0x0000000008007a46                eMBMReadDiscreteInputs
 .text.vMBMReadInputRegistersPolled
                0x0000000008007a88      0x120 build_submarine-dodge-application/mbmfuncinput.o
                0x0000000008007a88                vMBMReadInputRegistersPolled
 .text.eMBMReadInputRegisters
                0x0000000008007ba8       0x42 build_submarine-dodge-application/mbmfuncinput.o
                0x0000000008007ba8                eMBMReadInputRegisters
 *fill*         0x0000000008007bea        0x2 
 .text.eMBPEventCreate
                0x0000000008007bec       0x5c build_submarine-dodge-application/mbportevent.o
                0x0000000008007bec                eMBPEventCreate
 .text.eMBPEventPost
                0x0000000008007c48       0x2c build_submarine-dodge-application/mbportevent.o
                0x0000000008007c48                eMBPEventPost
 .text.bMBPEventGet
                0x0000000008007c74       0x34 build_submarine-dodge-application/mbportevent.o
                0x0000000008007c74                bMBPEventGet
 .text.vMBPEventDelete
                0x0000000008007ca8       0x2c build_submarine-dodge-application/mbportevent.o
                0x0000000008007ca8                vMBPEventDelete
 .text.vMBPAssert
                0x0000000008007cd4       0x1c build_submarine-dodge-application/mbportother.o
                0x0000000008007cd4                vMBPAssert
 .text.vMBPEnterCritical
                0x0000000008007cf0        0x4 build_submarine-dodge-application/mbportother.o
                0x0000000008007cf0                vMBPEnterCritical
 .text.vMBPExitCritical
                0x0000000008007cf4        0x4 build_submarine-dodge-application/mbportother.o
                0x0000000008007cf4                vMBPExitCritical
 .text.eMBPSerialInit
                0x0000000008007cf8      0x144 build_submarine-dodge-application/mbportserial.o
                0x0000000008007cf8                eMBPSerialInit
 .text.eMBPSerialClose
                0x0000000008007e3c       0x58 build_submarine-dodge-application/mbportserial.o
                0x0000000008007e3c                eMBPSerialClose
 .text.eMBPSerialTxEnable
                0x0000000008007e94       0x70 build_submarine-dodge-application/mbportserial.o
                0x0000000008007e94                eMBPSerialTxEnable
 .text.eMBPSerialRxEnable
                0x0000000008007f04       0x5c build_submarine-dodge-application/mbportserial.o
                0x0000000008007f04                eMBPSerialRxEnable
 .text.vMBPUSART2ISR
                0x0000000008007f60       0xec build_submarine-dodge-application/mbportserial.o
                0x0000000008007f60                vMBPUSART2ISR
 .text.eMBPTimerInit
                0x000000000800804c       0xec build_submarine-dodge-application/mbporttimer.o
                0x000000000800804c                eMBPTimerInit
 .text.vMBPTimerClose
                0x0000000008008138       0x28 build_submarine-dodge-application/mbporttimer.o
                0x0000000008008138                vMBPTimerClose
 .text.eMBPTimerStart
                0x0000000008008160       0x2c build_submarine-dodge-application/mbporttimer.o
                0x0000000008008160                eMBPTimerStart
 .text.eMBPTimerStop
                0x000000000800818c       0x30 build_submarine-dodge-application/mbporttimer.o
                0x000000000800818c                eMBPTimerStop
 .text.vMBPTimerISR
                0x00000000080081bc       0x58 build_submarine-dodge-application/mbporttimer.o
                0x00000000080081bc                vMBPTimerISR
 .text.GPIO_Init
                0x0000000008008214       0x78 build_submarine-dodge-application/stm32l1xx_gpio.o
                0x0000000008008214                GPIO_Init
 .text.GPIO_ReadInputDataBit
                0x000000000800828c        0xc build_submarine-dodge-application/stm32l1xx_gpio.o
                0x000000000800828c                GPIO_ReadInputDataBit
 .text.GPIO_SetBits
                0x0000000008008298        0x4 build_submarine-dodge-application/stm32l1xx_gpio.o
                0x0000000008008298                GPIO_SetBits
 .text.GPIO_ResetBits
                0x000000000800829c        0x4 build_submarine-dodge-application/stm32l1xx_gpio.o
                0x000000000800829c                GPIO_ResetBits
 .text.GPIO_PinAFConfig
                0x00000000080082a0       0x24 build_submarine-dodge-application/stm32l1xx_gpio.o
                0x00000000080082a0                GPIO_PinAFConfig
 .text.RCC_HSICmd
                0x00000000080082c4        0xc build_submarine-dodge-application/stm32l1xx_rcc.o
                0x00000000080082c4                RCC_HSICmd
 .text.RCC_GetClocksFreq
                0x00000000080082d0       0x9c build_submarine-dodge-application/stm32l1xx_rcc.o
                0x00000000080082d0                RCC_GetClocksFreq
 .text.RCC_AHBPeriphClockCmd
                0x000000000800836c       0x18 build_submarine-dodge-application/stm32l1xx_rcc.o
                0x000000000800836c                RCC_AHBPeriphClockCmd
 .text.RCC_APB2PeriphClockCmd
                0x0000000008008384       0x18 build_submarine-dodge-application/stm32l1xx_rcc.o
                0x0000000008008384                RCC_APB2PeriphClockCmd
 .text.RCC_APB1PeriphClockCmd
                0x000000000800839c       0x18 build_submarine-dodge-application/stm32l1xx_rcc.o
                0x000000000800839c                RCC_APB1PeriphClockCmd
 .text.RCC_APB2PeriphResetCmd
                0x00000000080083b4       0x18 build_submarine-dodge-application/stm32l1xx_rcc.o
                0x00000000080083b4                RCC_APB2PeriphResetCmd
 .text.RCC_APB1PeriphResetCmd
                0x00000000080083cc       0x18 build_submarine-dodge-application/stm32l1xx_rcc.o
                0x00000000080083cc                RCC_APB1PeriphResetCmd
 .text.RCC_GetFlagStatus
                0x00000000080083e4       0x20 build_submarine-dodge-application/stm32l1xx_rcc.o
                0x00000000080083e4                RCC_GetFlagStatus
 .text.USART_DeInit
                0x0000000008008404       0x9c build_submarine-dodge-application/stm32l1xx_usart.o
                0x0000000008008404                USART_DeInit
 .text.USART_Init
                0x00000000080084a0       0xa4 build_submarine-dodge-application/stm32l1xx_usart.o
                0x00000000080084a0                USART_Init
 .text.USART_ClockInit
                0x0000000008008544       0x20 build_submarine-dodge-application/stm32l1xx_usart.o
                0x0000000008008544                USART_ClockInit
 .text.USART_Cmd
                0x0000000008008564       0x18 build_submarine-dodge-application/stm32l1xx_usart.o
                0x0000000008008564                USART_Cmd
 .text.USART_SendData
                0x000000000800857c        0x8 build_submarine-dodge-application/stm32l1xx_usart.o
                0x000000000800857c                USART_SendData
 .text.USART_ReceiveData
                0x0000000008008584        0x8 build_submarine-dodge-application/stm32l1xx_usart.o
                0x0000000008008584                USART_ReceiveData
 .text.USART_ITConfig
                0x000000000800858c       0x30 build_submarine-dodge-application/stm32l1xx_usart.o
                0x000000000800858c                USART_ITConfig
 .text.USART_GetFlagStatus
                0x00000000080085bc        0xc build_submarine-dodge-application/stm32l1xx_usart.o
                0x00000000080085bc                USART_GetFlagStatus
 .text.USART_GetITStatus
                0x00000000080085c8       0x3e build_submarine-dodge-application/stm32l1xx_usart.o
                0x00000000080085c8                USART_GetITStatus
 .text.USART_ClearITPendingBit
                0x0000000008008606        0xe build_submarine-dodge-application/stm32l1xx_usart.o
                0x0000000008008606                USART_ClearITPendingBit
 .text.SPI_I2S_DeInit
                0x0000000008008614       0x64 build_submarine-dodge-application/stm32l1xx_spi.o
                0x0000000008008614                SPI_I2S_DeInit
 .text.SPI_Init
                0x0000000008008678       0x3e build_submarine-dodge-application/stm32l1xx_spi.o
                0x0000000008008678                SPI_Init
 .text.SPI_Cmd  0x00000000080086b6       0x18 build_submarine-dodge-application/stm32l1xx_spi.o
                0x00000000080086b6                SPI_Cmd
 .text.SPI_I2S_ReceiveData
                0x00000000080086ce        0x6 build_submarine-dodge-application/stm32l1xx_spi.o
                0x00000000080086ce                SPI_I2S_ReceiveData
 .text.SPI_I2S_SendData
                0x00000000080086d4        0x4 build_submarine-dodge-application/stm32l1xx_spi.o
                0x00000000080086d4                SPI_I2S_SendData
 .text.SPI_I2S_GetFlagStatus
                0x00000000080086d8        0xc build_submarine-dodge-application/stm32l1xx_spi.o
                0x00000000080086d8                SPI_I2S_GetFlagStatus
 .text.NVIC_PriorityGroupConfig
                0x00000000080086e4       0x14 build_submarine-dodge-application/misc.o
                0x00000000080086e4                NVIC_PriorityGroupConfig
 .text.NVIC_Init
                0x00000000080086f8       0x58 build_submarine-dodge-application/misc.o
                0x00000000080086f8                NVIC_Init
 .text.EXTI_GetFlagStatus
                0x0000000008008750       0x14 build_submarine-dodge-application/stm32l1xx_exti.o
                0x0000000008008750                EXTI_GetFlagStatus
 .text.EXTI_GetITStatus
                0x0000000008008764        0x4 build_submarine-dodge-application/stm32l1xx_exti.o
                0x0000000008008764                EXTI_GetITStatus
 .text.EXTI_ClearITPendingBit
                0x0000000008008768        0xc build_submarine-dodge-application/stm32l1xx_exti.o
                0x0000000008008768                EXTI_ClearITPendingBit
 .text.TIM_DeInit
                0x0000000008008774       0xe4 build_submarine-dodge-application/stm32l1xx_tim.o
                0x0000000008008774                TIM_DeInit
 .text.TIM_TimeBaseInit
                0x0000000008008858       0x58 build_submarine-dodge-application/stm32l1xx_tim.o
                0x0000000008008858                TIM_TimeBaseInit
 .text.TIM_ARRPreloadConfig
                0x00000000080088b0       0x18 build_submarine-dodge-application/stm32l1xx_tim.o
                0x00000000080088b0                TIM_ARRPreloadConfig
 .text.TIM_Cmd  0x00000000080088c8       0x18 build_submarine-dodge-application/stm32l1xx_tim.o
                0x00000000080088c8                TIM_Cmd
 .text.TIM_OC3Init
                0x00000000080088e0       0x3c build_submarine-dodge-application/stm32l1xx_tim.o
                0x00000000080088e0                TIM_OC3Init
 .text.TIM_OC3PreloadConfig
                0x000000000800891c       0x10 build_submarine-dodge-application/stm32l1xx_tim.o
                0x000000000800891c                TIM_OC3PreloadConfig
 .text.TIM_ITConfig
                0x000000000800892c       0x12 build_submarine-dodge-application/stm32l1xx_tim.o
                0x000000000800892c                TIM_ITConfig
 .text.TIM_GetITStatus
                0x000000000800893e       0x16 build_submarine-dodge-application/stm32l1xx_tim.o
                0x000000000800893e                TIM_GetITStatus
 .text.TIM_ClearITPendingBit
                0x0000000008008954        0x8 build_submarine-dodge-application/stm32l1xx_tim.o
                0x0000000008008954                TIM_ClearITPendingBit
 .text.ADC_Init
                0x000000000800895c       0x4c build_submarine-dodge-application/stm32l1xx_adc.o
                0x000000000800895c                ADC_Init
 .text.ADC_Cmd  0x00000000080089a8       0x12 build_submarine-dodge-application/stm32l1xx_adc.o
                0x00000000080089a8                ADC_Cmd
 *fill*         0x00000000080089ba        0x2 
 .text.ADC_TempSensorVrefintCmd
                0x00000000080089bc       0x18 build_submarine-dodge-application/stm32l1xx_adc.o
                0x00000000080089bc                ADC_TempSensorVrefintCmd
 .text.ADC_RegularChannelConfig
                0x00000000080089d4      0x104 build_submarine-dodge-application/stm32l1xx_adc.o
                0x00000000080089d4                ADC_RegularChannelConfig
 .text.ADC_SoftwareStartConv
                0x0000000008008ad8        0xa build_submarine-dodge-application/stm32l1xx_adc.o
                0x0000000008008ad8                ADC_SoftwareStartConv
 .text.ADC_GetConversionValue
                0x0000000008008ae2        0x6 build_submarine-dodge-application/stm32l1xx_adc.o
                0x0000000008008ae2                ADC_GetConversionValue
 .text.ADC_GetFlagStatus
                0x0000000008008ae8        0xc build_submarine-dodge-application/stm32l1xx_adc.o
                0x0000000008008ae8                ADC_GetFlagStatus
 .text.PWR_UltraLowPowerCmd
                0x0000000008008af4        0xc build_submarine-dodge-application/stm32l1xx_pwr.o
                0x0000000008008af4                PWR_UltraLowPowerCmd
 .text.PWR_EnterSTOPMode
                0x0000000008008b00       0x34 build_submarine-dodge-application/stm32l1xx_pwr.o
                0x0000000008008b00                PWR_EnterSTOPMode
 .text.FLASH_Lock
                0x0000000008008b34       0x10 build_submarine-dodge-application/stm32l1xx_flash.o
                0x0000000008008b34                FLASH_Lock
 .text.DATA_EEPROM_Unlock
                0x0000000008008b44       0x20 build_submarine-dodge-application/stm32l1xx_flash.o
                0x0000000008008b44                DATA_EEPROM_Unlock
 .text.FLASH_Unlock
                0x0000000008008b64       0x2c build_submarine-dodge-application/stm32l1xx_flash.o
                0x0000000008008b64                FLASH_Unlock
 .text.DATA_EEPROM_Lock
                0x0000000008008b90       0x10 build_submarine-dodge-application/stm32l1xx_flash.o
                0x0000000008008b90                DATA_EEPROM_Lock
 .text.FLASH_OB_Unlock
                0x0000000008008ba0       0x2c build_submarine-dodge-application/stm32l1xx_flash.o
                0x0000000008008ba0                FLASH_OB_Unlock
 .text.FLASH_OB_Launch
                0x0000000008008bcc       0x10 build_submarine-dodge-application/stm32l1xx_flash.o
                0x0000000008008bcc                FLASH_OB_Launch
 .text.FLASH_OB_GetBOR
                0x0000000008008bdc       0x10 build_submarine-dodge-application/stm32l1xx_flash.o
                0x0000000008008bdc                FLASH_OB_GetBOR
 .text.FLASH_ClearFlag
                0x0000000008008bec        0xc build_submarine-dodge-application/stm32l1xx_flash.o
                0x0000000008008bec                FLASH_ClearFlag
 .text.FLASH_GetStatus
                0x0000000008008bf8       0x28 build_submarine-dodge-application/stm32l1xx_flash.o
                0x0000000008008bf8                FLASH_GetStatus
 .text.FLASH_WaitForLastOperation
                0x0000000008008c20       0x3c build_submarine-dodge-application/stm32l1xx_flash.o
                0x0000000008008c20                FLASH_WaitForLastOperation
 .text.FLASH_ErasePage
                0x0000000008008c5c       0x44 build_submarine-dodge-application/stm32l1xx_flash.o
                0x0000000008008c5c                FLASH_ErasePage
 .text.FLASH_FastProgramWord
                0x0000000008008ca0       0x22 build_submarine-dodge-application/stm32l1xx_flash.o
                0x0000000008008ca0                FLASH_FastProgramWord
 .text.DATA_EEPROM_EraseWord
                0x0000000008008cc2       0x16 build_submarine-dodge-application/stm32l1xx_flash.o
                0x0000000008008cc2                DATA_EEPROM_EraseWord
 .text.DATA_EEPROM_FastProgramWord
                0x0000000008008cd8       0x30 build_submarine-dodge-application/stm32l1xx_flash.o
                0x0000000008008cd8                DATA_EEPROM_FastProgramWord
 .text.DATA_EEPROM_ProgramByte
                0x0000000008008d08       0x4c build_submarine-dodge-application/stm32l1xx_flash.o
                0x0000000008008d08                DATA_EEPROM_ProgramByte
 .text.FLASH_OB_BORConfig
                0x0000000008008d54       0x3c build_submarine-dodge-application/stm32l1xx_flash.o
                0x0000000008008d54                FLASH_OB_BORConfig
 .text.IWDG_WriteAccessCmd
                0x0000000008008d90        0xc build_submarine-dodge-application/stm32l1xx_iwdg.o
                0x0000000008008d90                IWDG_WriteAccessCmd
 .text.IWDG_SetPrescaler
                0x0000000008008d9c        0xc build_submarine-dodge-application/stm32l1xx_iwdg.o
                0x0000000008008d9c                IWDG_SetPrescaler
 .text.IWDG_SetReload
                0x0000000008008da8        0xc build_submarine-dodge-application/stm32l1xx_iwdg.o
                0x0000000008008da8                IWDG_SetReload
 .text.IWDG_ReloadCounter
                0x0000000008008db4       0x10 build_submarine-dodge-application/stm32l1xx_iwdg.o
                0x0000000008008db4                IWDG_ReloadCounter
 .text.IWDG_Enable
                0x0000000008008dc4       0x10 build_submarine-dodge-application/stm32l1xx_iwdg.o
                0x0000000008008dc4                IWDG_Enable
 .text.I2C_SendData
                0x0000000008008dd4        0x4 build_submarine-dodge-application/stm32l1xx_i2c.o
                0x0000000008008dd4                I2C_SendData
 .text.I2C_CheckEvent
                0x0000000008008dd8       0x18 build_submarine-dodge-application/stm32l1xx_i2c.o
                0x0000000008008dd8                I2C_CheckEvent
 .text.disable_interrupts
                0x0000000008008df0       0x10 build_submarine-dodge-application/platform.o
                0x0000000008008df0                disable_interrupts
 .text.entry_critical
                0x0000000008008e00       0x14 build_submarine-dodge-application/platform.o
                0x0000000008008e00                entry_critical
 .text.exit_critical
                0x0000000008008e14       0x30 build_submarine-dodge-application/platform.o
                0x0000000008008e14                exit_critical
 .text.default_handler
                0x0000000008008e44       0x1c build_submarine-dodge-application/system.o
                0x0000000008008e44                svc_handler
                0x0000000008008e44                default_handler
                0x0000000008008e44                dg_monitor_handler
                0x0000000008008e44                pendsv_handler
 .text.nmi_handler
                0x0000000008008e60       0x1c build_submarine-dodge-application/system.o
                0x0000000008008e60                nmi_handler
 .text.hard_fault_handler
                0x0000000008008e7c       0x1c build_submarine-dodge-application/system.o
                0x0000000008008e7c                hard_fault_handler
 .text.mem_manage_handler
                0x0000000008008e98       0x1c build_submarine-dodge-application/system.o
                0x0000000008008e98                mem_manage_handler
 .text.bus_fault_handler
                0x0000000008008eb4       0x1c build_submarine-dodge-application/system.o
                0x0000000008008eb4                bus_fault_handler
 .text.usage_fault_handler
                0x0000000008008ed0       0x1c build_submarine-dodge-application/system.o
                0x0000000008008ed0                usage_fault_handler
 .text.systick_handler
                0x0000000008008eec       0x40 build_submarine-dodge-application/system.o
                0x0000000008008eec                systick_handler
 .text.uart1_irq
                0x0000000008008f2c       0x64 build_submarine-dodge-application/system.o
                0x0000000008008f2c                uart1_irq
 .text.exti_line1_irq
                0x0000000008008f90       0x1c build_submarine-dodge-application/system.o
                0x0000000008008f90                exti_line1_irq
 .text.timer7_irq
                0x0000000008008fac       0x24 build_submarine-dodge-application/system.o
                0x0000000008008fac                timer7_irq
 .text.sys_ctrl_delay
                0x0000000008008fd0        0xc build_submarine-dodge-application/system.o
                0x0000000008008fd0                sys_ctrl_delay
 .text.sys_ctrl_millis
                0x0000000008008fdc       0x1c build_submarine-dodge-application/system.o
                0x0000000008008fdc                sys_ctrl_millis
 .text._init    0x0000000008008ff8        0x2 build_submarine-dodge-application/system.o
                0x0000000008008ff8                _init
 .text._fini    0x0000000008008ffa        0x2 build_submarine-dodge-application/system.o
                0x0000000008008ffa                _fini
 .text.sys_stack_count_init
                0x0000000008008ffc       0x3c build_submarine-dodge-application/system.o
                0x0000000008008ffc                sys_stack_count_init
 .text.reset_handler
                0x0000000008009038       0xc8 build_submarine-dodge-application/system.o
                0x0000000008009038                reset_handler
 .text.sys_stack_usage
                0x0000000008009100       0x20 build_submarine-dodge-application/system.o
                0x0000000008009100                sys_stack_usage
 .text.sys_stack_get_size
                0x0000000008009120        0xc build_submarine-dodge-application/system.o
                0x0000000008009120                sys_stack_get_size
 .text.sys_ctrl_shell_put_char_block
                0x000000000800912c       0x2c build_submarine-dodge-application/sys_cfg.o
                0x000000000800912c                sys_ctrl_shell_put_char_block
 .text.sys_cfg_clock
                0x0000000008009158       0x22 build_submarine-dodge-application/sys_cfg.o
                0x0000000008009158                sys_cfg_clock
 *fill*         0x000000000800917a        0x2 
 .text.sys_cfg_tick
                0x000000000800917c       0x50 build_submarine-dodge-application/sys_cfg.o
                0x000000000800917c                sys_cfg_tick
 .text.sys_cfg_svc
                0x00000000080091cc       0x30 build_submarine-dodge-application/sys_cfg.o
                0x00000000080091cc                sys_cfg_svc
 .text.sys_cfg_pendsv
                0x00000000080091fc       0x34 build_submarine-dodge-application/sys_cfg.o
                0x00000000080091fc                sys_cfg_pendsv
 .text.sys_cfg_update_info
                0x0000000008009230      0x108 build_submarine-dodge-application/sys_cfg.o
                0x0000000008009230                sys_cfg_update_info
 .text.sys_ctrl_shell_sw_to_block
                0x0000000008009338       0x38 build_submarine-dodge-application/sys_cfg.o
                0x0000000008009338                sys_ctrl_shell_sw_to_block
 .text.sys_cfg_console
                0x0000000008009370       0xd8 build_submarine-dodge-application/sys_cfg.o
                0x0000000008009370                sys_cfg_console
 .text.sys_ctrl_shell_get_char
                0x0000000008009448       0x34 build_submarine-dodge-application/sys_cfg.o
                0x0000000008009448                sys_ctrl_shell_get_char
 .text.sys_ctrl_reset
                0x000000000800947c       0x20 build_submarine-dodge-application/sys_cfg.o
                0x000000000800947c                sys_ctrl_reset
 .text.sys_ctrl_delay_us
                0x000000000800949c       0x58 build_submarine-dodge-application/sys_cfg.o
                0x000000000800949c                sys_ctrl_delay_us
 .text.sys_ctrl_delay_ms
                0x00000000080094f4       0x1e build_submarine-dodge-application/sys_cfg.o
                0x00000000080094f4                sys_ctrl_delay_ms
 *fill*         0x0000000008009512        0x2 
 .text.sys_ctr_stop_mcu
                0x0000000008009514       0xa8 build_submarine-dodge-application/sys_cfg.o
                0x0000000008009514                sys_ctr_stop_mcu
 .text.sys_ctrl_independent_watchdog_init
                0x00000000080095bc       0x24 build_submarine-dodge-application/sys_cfg.o
                0x00000000080095bc                sys_ctrl_independent_watchdog_init
 .text.sys_ctrl_independent_watchdog_reset
                0x00000000080095e0       0x12 build_submarine-dodge-application/sys_cfg.o
                0x00000000080095e0                sys_ctrl_independent_watchdog_reset
 *fill*         0x00000000080095f2        0x2 
 .text.sys_ctrl_soft_watchdog_init
                0x00000000080095f4       0x68 build_submarine-dodge-application/sys_cfg.o
                0x00000000080095f4                sys_ctrl_soft_watchdog_init
 .text.sys_ctrl_soft_watchdog_reset
                0x000000000800965c       0x18 build_submarine-dodge-application/sys_cfg.o
                0x000000000800965c                sys_ctrl_soft_watchdog_reset
 .text.sys_ctrl_soft_watchdog_increase_counter
                0x0000000008009674       0x40 build_submarine-dodge-application/sys_cfg.o
                0x0000000008009674                sys_ctrl_soft_watchdog_increase_counter
 .text.sys_ctrl_get_firmware_info
                0x00000000080096b4       0x40 build_submarine-dodge-application/sys_cfg.o
                0x00000000080096b4                sys_ctrl_get_firmware_info
 .text.task_irq_io_entry_trigger
                0x00000000080096f4        0x2 build_submarine-dodge-application/sys_cfg.o
                0x00000000080096f4                task_irq_io_entry_trigger
 .text.task_irq_io_exit_trigger
                0x00000000080096f6        0x2 build_submarine-dodge-application/sys_cfg.o
                0x00000000080096f6                task_irq_io_exit_trigger
 .text.io_button_mode_init
                0x00000000080096f8       0x28 build_submarine-dodge-application/io_cfg.o
                0x00000000080096f8                io_button_mode_init
 .text.io_button_up_init
                0x0000000008009720       0x28 build_submarine-dodge-application/io_cfg.o
                0x0000000008009720                io_button_up_init
 .text.io_button_down_init
                0x0000000008009748       0x28 build_submarine-dodge-application/io_cfg.o
                0x0000000008009748                io_button_down_init
 .text.io_button_mode_read
                0x0000000008009770        0xc build_submarine-dodge-application/io_cfg.o
                0x0000000008009770                io_button_mode_read
 .text.io_button_up_read
                0x000000000800977c       0x10 build_submarine-dodge-application/io_cfg.o
                0x000000000800977c                io_button_up_read
 .text.io_button_down_read
                0x000000000800978c        0xc build_submarine-dodge-application/io_cfg.o
                0x000000000800978c                io_button_down_read
 .text.led_life_init
                0x0000000008009798       0x28 build_submarine-dodge-application/io_cfg.o
                0x0000000008009798                led_life_init
 .text.led_life_on
                0x00000000080097c0       0x10 build_submarine-dodge-application/io_cfg.o
                0x00000000080097c0                led_life_on
 .text.led_life_off
                0x00000000080097d0       0x10 build_submarine-dodge-application/io_cfg.o
                0x00000000080097d0                led_life_off
 .text.flash_io_ctrl_init
                0x00000000080097e0       0x28 build_submarine-dodge-application/io_cfg.o
                0x00000000080097e0                flash_io_ctrl_init
 .text.flash_cs_low
                0x0000000008009808       0x10 build_submarine-dodge-application/io_cfg.o
                0x0000000008009808                flash_cs_low
 .text.flash_cs_high
                0x0000000008009818       0x10 build_submarine-dodge-application/io_cfg.o
                0x0000000008009818                flash_cs_high
 .text.flash_transfer
                0x0000000008009828       0x98 build_submarine-dodge-application/io_cfg.o
                0x0000000008009828                flash_transfer
 .text.io_cfg_adc1
                0x00000000080098c0       0x48 build_submarine-dodge-application/io_cfg.o
                0x00000000080098c0                io_cfg_adc1
 .text.adc_bat_io_cfg
                0x0000000008009908       0x2c build_submarine-dodge-application/io_cfg.o
                0x0000000008009908                adc_bat_io_cfg
 *fill*         0x0000000008009934        0x4 
 .text.sys_ctr_get_vbat_voltage
                0x0000000008009938       0x90 build_submarine-dodge-application/io_cfg.o
                0x0000000008009938                sys_ctr_get_vbat_voltage
 .text.sys_ctr_get_mcu_temperature
                0x00000000080099c8       0x6c build_submarine-dodge-application/io_cfg.o
                0x00000000080099c8                sys_ctr_get_mcu_temperature
 .text.oled_clk_input_mode
                0x0000000008009a34       0x28 build_submarine-dodge-application/io_cfg.o
                0x0000000008009a34                oled_clk_input_mode
 .text.oled_clk_output_mode
                0x0000000008009a5c       0x28 build_submarine-dodge-application/io_cfg.o
                0x0000000008009a5c                oled_clk_output_mode
 .text.oled_clk_digital_write_low
                0x0000000008009a84       0x10 build_submarine-dodge-application/io_cfg.o
                0x0000000008009a84                oled_clk_digital_write_low
 .text.oled_clk_digital_write_high
                0x0000000008009a94       0x10 build_submarine-dodge-application/io_cfg.o
                0x0000000008009a94                oled_clk_digital_write_high
 .text.oled_data_input_mode
                0x0000000008009aa4       0x28 build_submarine-dodge-application/io_cfg.o
                0x0000000008009aa4                oled_data_input_mode
 .text.oled_data_output_mode
                0x0000000008009acc       0x28 build_submarine-dodge-application/io_cfg.o
                0x0000000008009acc                oled_data_output_mode
 .text.oled_data_digital_write_low
                0x0000000008009af4       0x10 build_submarine-dodge-application/io_cfg.o
                0x0000000008009af4                oled_data_digital_write_low
 .text.oled_data_digital_write_high
                0x0000000008009b04       0x10 build_submarine-dodge-application/io_cfg.o
                0x0000000008009b04                oled_data_digital_write_high
 .text.oled_res_input_mode
                0x0000000008009b14       0x28 build_submarine-dodge-application/io_cfg.o
                0x0000000008009b14                oled_res_input_mode
 .text.oled_res_output_mode
                0x0000000008009b3c       0x28 build_submarine-dodge-application/io_cfg.o
                0x0000000008009b3c                oled_res_output_mode
 .text.oled_res_digital_write_low
                0x0000000008009b64       0x10 build_submarine-dodge-application/io_cfg.o
                0x0000000008009b64                oled_res_digital_write_low
 .text.oled_res_digital_write_high
                0x0000000008009b74       0x10 build_submarine-dodge-application/io_cfg.o
                0x0000000008009b74                oled_res_digital_write_high
 .text.io_eeprom_read
                0x0000000008009b84       0x34 build_submarine-dodge-application/io_cfg.o
                0x0000000008009b84                io_eeprom_read
 .text.io_eeprom_write
                0x0000000008009bb8       0x48 build_submarine-dodge-application/io_cfg.o
                0x0000000008009bb8                io_eeprom_write
 .text.io_eeprom_erase
                0x0000000008009c00       0x4c build_submarine-dodge-application/io_cfg.o
                0x0000000008009c00                io_eeprom_erase
 .text.internal_flash_unlock
                0x0000000008009c4c       0x12 build_submarine-dodge-application/io_cfg.o
                0x0000000008009c4c                internal_flash_unlock
 .text.internal_flash_lock
                0x0000000008009c5e        0x4 build_submarine-dodge-application/io_cfg.o
                0x0000000008009c5e                internal_flash_lock
 .text.internal_flash_erase_pages_cal
                0x0000000008009c62       0x24 build_submarine-dodge-application/io_cfg.o
                0x0000000008009c62                internal_flash_erase_pages_cal
 .text.internal_flash_write_cal
                0x0000000008009c86       0x48 build_submarine-dodge-application/io_cfg.o
                0x0000000008009c86                internal_flash_write_cal
 *fill*         0x0000000008009cce        0x2 
 .text.io_uart2_cfg
                0x0000000008009cd0       0xbc build_submarine-dodge-application/io_cfg.o
                0x0000000008009cd0                io_uart2_cfg
 .text.io_uart_rs485_cfg
                0x0000000008009d8c       0x78 build_submarine-dodge-application/io_cfg.o
                0x0000000008009d8c                io_uart_rs485_cfg
 .text.io_rs485_dir_mode_output
                0x0000000008009e04       0x30 build_submarine-dodge-application/io_cfg.o
                0x0000000008009e04                io_rs485_dir_mode_output
 .text.io_rs485_dir_low
                0x0000000008009e34        0xc build_submarine-dodge-application/io_cfg.o
                0x0000000008009e34                io_rs485_dir_low
 .text.io_rs485_dir_high
                0x0000000008009e40        0xc build_submarine-dodge-application/io_cfg.o
                0x0000000008009e40                io_rs485_dir_high
 .text.SystemInit
                0x0000000008009e4c      0x114 build_submarine-dodge-application/system_stm32l1xx.o
                0x0000000008009e4c                SystemInit
 .text.SystemCoreClockUpdate
                0x0000000008009f60       0x88 build_submarine-dodge-application/system_stm32l1xx.o
                0x0000000008009f60                SystemCoreClockUpdate
 .text._ZL13view_scr_idlev
                0x0000000008009fe8       0x34 build_submarine-dodge-application/scr_idle.o
 .text._ZN4ballC2Ev
                0x000000000800a01c       0x5e build_submarine-dodge-application/scr_idle.o
                0x000000000800a01c                ball::ball()
                0x000000000800a01c                ball::ball()
 *fill*         0x000000000800a07a        0x2 
 .text._ZNSt6vectorI4ballSaIS0_EE17_M_realloc_insertIJRKS0_EEEvN9__gnu_cxx17__normal_iteratorIPS0_S2_EEDpOT_
                0x000000000800a07c      0x110 build_submarine-dodge-application/scr_idle.o
                0x000000000800a07c                void std::vector<ball, std::allocator<ball> >::_M_realloc_insert<ball const&>(__gnu_cxx::__normal_iterator<ball*, std::vector<ball, std::allocator<ball> > >, ball const&)
 .text._ZNSt6vectorI4ballSaIS0_EE9push_backERKS0_
                0x000000000800a18c       0x2c build_submarine-dodge-application/scr_idle.o
                0x000000000800a18c                std::vector<ball, std::allocator<ball> >::push_back(ball const&)
 .text._Z15scr_idle_handleP8ak_msg_t
                0x000000000800a1b8      0x1a0 build_submarine-dodge-application/scr_idle.o
                0x000000000800a1b8                scr_idle_handle(ak_msg_t*)
 .text.startup._GLOBAL__sub_I_dyn_view_idle
                0x000000000800a358       0x10 build_submarine-dodge-application/scr_idle.o
 .text.exit._GLOBAL__sub_D_dyn_view_idle
                0x000000000800a368       0x10 build_submarine-dodge-application/scr_idle.o
 .text._Z15scr_info_handleP8ak_msg_t
                0x000000000800a378       0x60 build_submarine-dodge-application/scr_info.o
                0x000000000800a378                scr_info_handle(ak_msg_t*)
 .text._ZL13view_scr_infov
                0x000000000800a3d8       0x78 build_submarine-dodge-application/scr_info.o
 .text._ZL16view_scr_startupv
                0x000000000800a450       0x94 build_submarine-dodge-application/scr_startup.o
 .text._Z18scr_startup_handleP8ak_msg_t
                0x000000000800a4e4       0x8c build_submarine-dodge-application/scr_startup.o
                0x000000000800a4e4                scr_startup_handle(ak_msg_t*)
 .text._Z20scr_main_menu_handleP8ak_msg_t
                0x000000000800a570       0x94 build_submarine-dodge-application/scr_main_menu.o
                0x000000000800a570                scr_main_menu_handle(ak_msg_t*)
 .text._ZL18view_scr_main_menuv
                0x000000000800a604       0xd4 build_submarine-dodge-application/scr_main_menu.o
 .text._Z18scr_loading_handleP8ak_msg_t
                0x000000000800a6d8       0x70 build_submarine-dodge-application/scr_loading.o
                0x000000000800a6d8                scr_loading_handle(ak_msg_t*)
 .text._ZL16view_scr_loadingv
                0x000000000800a748       0xa4 build_submarine-dodge-application/scr_loading.o
 .text._ZL16view_scr_victoryv
                0x000000000800a7ec       0x84 build_submarine-dodge-application/scr_victory.o
 .text._Z18scr_victory_handleP8ak_msg_t
                0x000000000800a870       0x50 build_submarine-dodge-application/scr_victory.o
                0x000000000800a870                scr_victory_handle(ak_msg_t*)
 .text._Z12ranking_loadv
                0x000000000800a8c0       0x3c build_submarine-dodge-application/scr_ranking.o
                0x000000000800a8c0                ranking_load()
 .text._Z12ranking_savev
                0x000000000800a8fc       0x10 build_submarine-dodge-application/scr_ranking.o
                0x000000000800a8fc                ranking_save()
 .text._Z14ranking_updatem
                0x000000000800a90c       0x40 build_submarine-dodge-application/scr_ranking.o
                0x000000000800a90c                ranking_update(unsigned long)
 .text._Z18scr_ranking_handleP8ak_msg_t
                0x000000000800a94c       0x34 build_submarine-dodge-application/scr_ranking.o
                0x000000000800a94c                scr_ranking_handle(ak_msg_t*)
 .text._ZL16view_scr_rankingv
                0x000000000800a980       0xc8 build_submarine-dodge-application/scr_ranking.o
 .text._Z13settings_loadv
                0x000000000800aa48       0x28 build_submarine-dodge-application/scr_settings.o
                0x000000000800aa48                settings_load()
 .text._Z13settings_savev
                0x000000000800aa70       0x10 build_submarine-dodge-application/scr_settings.o
                0x000000000800aa70                settings_save()
 .text._Z19scr_settings_handleP8ak_msg_t
                0x000000000800aa80      0x100 build_submarine-dodge-application/scr_settings.o
                0x000000000800aa80                scr_settings_handle(ak_msg_t*)
 .text._ZL17view_scr_settingsv
                0x000000000800ab80      0x168 build_submarine-dodge-application/scr_settings.o
 .text._Z11task_systemP8ak_msg_t
                0x000000000800ace8       0x44 build_submarine-dodge-application/task_system.o
                0x000000000800ace8                task_system(ak_msg_t*)
 .text.main_app
                0x000000000800ad2c      0x294 build_submarine-dodge-application/app.o
                0x000000000800ad2c                main_app
 .text._Z19task_polling_zigbeev
                0x000000000800afc0        0x2 build_submarine-dodge-application/app.o
                0x000000000800afc0                task_polling_zigbee()
 *fill*         0x000000000800afc2        0x2 
 .text._Z20task_polling_consolev
                0x000000000800afc4       0xd8 build_submarine-dodge-application/app.o
                0x000000000800afc4                task_polling_console()
 .text.sys_irq_timer_10ms
                0x000000000800b09c       0x24 build_submarine-dodge-application/app.o
                0x000000000800b09c                sys_irq_timer_10ms
 .text._Z17btn_mode_callbackPv
                0x000000000800b0c0       0x3c build_submarine-dodge-application/app_bsp.o
                0x000000000800b0c0                btn_mode_callback(void*)
 .text._Z15btn_up_callbackPv
                0x000000000800b0fc       0x3c build_submarine-dodge-application/app_bsp.o
                0x000000000800b0fc                btn_up_callback(void*)
 .text._Z17btn_down_callbackPv
                0x000000000800b138       0x3c build_submarine-dodge-application/app_bsp.o
                0x000000000800b138                btn_down_callback(void*)
 .text._Z22updateDataModbusDeviceP21ModbusDeviceStructure
                0x000000000800b174       0xc4 build_submarine-dodge-application/app_modbus_pull.o
                0x000000000800b174                updateDataModbusDevice(ModbusDeviceStructure*)
 .text._ZL19str_parser_get_attrh
                0x000000000800b238       0x1c build_submarine-dodge-application/shell.o
 .text._Z9shell_sttPh
                0x000000000800b254        0x4 build_submarine-dodge-application/shell.o
                0x000000000800b254                shell_stt(unsigned char*)
 .text._Z9shell_psvPh
                0x000000000800b258       0x14 build_submarine-dodge-application/shell.o
                0x000000000800b258                shell_psv(unsigned char*)
 .text._Z11shell_resetPh
                0x000000000800b26c       0x10 build_submarine-dodge-application/shell.o
                0x000000000800b26c                shell_reset(unsigned char*)
 .text._Z10shell_helpPh
                0x000000000800b27c       0x30 build_submarine-dodge-application/shell.o
                0x000000000800b27c                shell_help(unsigned char*)
 .text._Z9shell_verPh
                0x000000000800b2ac      0x118 build_submarine-dodge-application/shell.o
                0x000000000800b2ac                shell_ver(unsigned char*)
 .text._Z12shell_rebootPh
                0x000000000800b3c4       0x10 build_submarine-dodge-application/shell.o
                0x000000000800b3c4                shell_reboot(unsigned char*)
 .text._ZL10str_parserPc
                0x000000000800b3d4       0x60 build_submarine-dodge-application/shell.o
 .text._Z11shell_fatalPh
                0x000000000800b434      0x2f4 build_submarine-dodge-application/shell.o
                0x000000000800b434                shell_fatal(unsigned char*)
 .text._Z11shell_flashPh
                0x000000000800b728      0x150 build_submarine-dodge-application/shell.o
                0x000000000800b728                shell_flash(unsigned char*)
 .text._Z9shell_epsPh
                0x000000000800b878       0xd0 build_submarine-dodge-application/shell.o
                0x000000000800b878                shell_eps(unsigned char*)
 .text._Z9shell_ramPh
                0x000000000800b948      0x20c build_submarine-dodge-application/shell.o
                0x000000000800b948                shell_ram(unsigned char*)
 .text._Z10shell_bootPh
                0x000000000800bb54       0xdc build_submarine-dodge-application/shell.o
                0x000000000800bb54                shell_boot(unsigned char*)
 .text._Z9shell_fwuPh
                0x000000000800bc30       0x34 build_submarine-dodge-application/shell.o
                0x000000000800bc30                shell_fwu(unsigned char*)
 .text._Z12shell_buzzerPh
                0x000000000800bc64       0x88 build_submarine-dodge-application/shell.o
                0x000000000800bc64                shell_buzzer(unsigned char*)
 .text._Z9shell_dbgPh
                0x000000000800bcec       0x38 build_submarine-dodge-application/shell.o
                0x000000000800bcec                shell_dbg(unsigned char*)
 .text._Z12shell_modbusPh
                0x000000000800bd24       0xe0 build_submarine-dodge-application/shell.o
                0x000000000800bd24                shell_modbus(unsigned char*)
 .text._Z9shell_epiPh
                0x000000000800be04        0x4 build_submarine-dodge-application/shell.o
                0x000000000800be04                shell_epi(unsigned char*)
 .text._Z9shell_lcdPh
                0x000000000800be08      0x15c build_submarine-dodge-application/shell.o
                0x000000000800be08                shell_lcd(unsigned char*)
 .text.sys_irq_shell
                0x000000000800bf64       0x2c build_submarine-dodge-application/task_shell.o
                0x000000000800bf64                sys_irq_shell
 .text._Z10task_shellP8ak_msg_t
                0x000000000800bf90       0x7c build_submarine-dodge-application/task_shell.o
                0x000000000800bf90                task_shell(ak_msg_t*)
 .text._Z9task_lifeP8ak_msg_t
                0x000000000800c00c       0x20 build_submarine-dodge-application/task_life.o
                0x000000000800c00c                task_life(ak_msg_t*)
 .text._Z7task_fwP8ak_msg_t
                0x000000000800c02c      0x490 build_submarine-dodge-application/task_fw.o
                0x000000000800c02c                task_fw(ak_msg_t*)
 .text._Z12task_displayP8ak_msg_t
                0x000000000800c4bc        0x4 build_submarine-dodge-application/task_display.o
                0x000000000800c4bc                task_display(ak_msg_t*)
 .text._Z7task_ifP8ak_msg_t
                0x000000000800c4c0       0xe4 build_submarine-dodge-application/task_if.o
                0x000000000800c4c0                task_if(ak_msg_t*)
 .text._Z12task_rf24_ifP8ak_msg_t
                0x000000000800c5a4        0x2 build_submarine-dodge-application/task_rf24_if.o
                0x000000000800c5a4                task_rf24_if(ak_msg_t*)
 *fill*         0x000000000800c5a6        0x2 
 .text._Z12task_uart_ifP8ak_msg_t
                0x000000000800c5a8       0xc0 build_submarine-dodge-application/task_uart_if.o
                0x000000000800c5a8                task_uart_if(ak_msg_t*)
 .text._Z8task_dbgP8ak_msg_t
                0x000000000800c668        0x2 build_submarine-dodge-application/task_dbg.o
                0x000000000800c668                task_dbg(ak_msg_t*)
 *fill*         0x000000000800c66a        0x2 
 .text._Z26sub_game_submarine_draw_hpv
                0x000000000800c66c       0x48 build_submarine-dodge-application/sub_game_submarine.o
                0x000000000800c66c                sub_game_submarine_draw_hp()
 .text._Z24sub_game_submarine_setupv
                0x000000000800c6b4       0x1c build_submarine-dodge-application/sub_game_submarine.o
                0x000000000800c6b4                sub_game_submarine_setup()
 .text._Z21sub_game_submarine_upv
                0x000000000800c6d0       0x14 build_submarine-dodge-application/sub_game_submarine.o
                0x000000000800c6d0                sub_game_submarine_up()
 .text._Z23sub_game_submarine_downv
                0x000000000800c6e4       0x14 build_submarine-dodge-application/sub_game_submarine.o
                0x000000000800c6e4                sub_game_submarine_down()
 .text._Z23sub_game_submarine_drawv
                0x000000000800c6f8       0x34 build_submarine-dodge-application/sub_game_submarine.o
                0x000000000800c6f8                sub_game_submarine_draw()
 .text._Z25sub_game_submarine_handleP8ak_msg_t
                0x000000000800c72c       0x88 build_submarine-dodge-application/sub_game_submarine.o
                0x000000000800c72c                sub_game_submarine_handle(ak_msg_t*)
 .text._Z22sub_game_torpedo_setupv
                0x000000000800c7b4       0x10 build_submarine-dodge-application/sub_game_torpedo.o
                0x000000000800c7b4                sub_game_torpedo_setup()
 .text._Z23sub_game_torpedo_updatev
                0x000000000800c7c4       0x30 build_submarine-dodge-application/sub_game_torpedo.o
                0x000000000800c7c4                sub_game_torpedo_update()
 .text._Z21sub_game_torpedo_drawv
                0x000000000800c7f4       0x4c build_submarine-dodge-application/sub_game_torpedo.o
                0x000000000800c7f4                sub_game_torpedo_draw()
 .text._Z20sub_game_torpedo_hitaahh
                0x000000000800c840       0x4c build_submarine-dodge-application/sub_game_torpedo.o
                0x000000000800c840                sub_game_torpedo_hit(signed char, signed char, unsigned char, unsigned char)
 .text._Z23sub_game_torpedo_handleP8ak_msg_t
                0x000000000800c88c       0x9c build_submarine-dodge-application/sub_game_torpedo.o
                0x000000000800c88c                sub_game_torpedo_handle(ak_msg_t*)
 .text._Z23sub_game_obstacle_setupv
                0x000000000800c928       0x14 build_submarine-dodge-application/sub_game_obstacle.o
                0x000000000800c928                sub_game_obstacle_setup()
 .text._Z23sub_game_obstacle_spawnh
                0x000000000800c93c       0x54 build_submarine-dodge-application/sub_game_obstacle.o
                0x000000000800c93c                sub_game_obstacle_spawn(unsigned char)
 .text._Z24sub_game_obstacle_updatev
                0x000000000800c990       0x48 build_submarine-dodge-application/sub_game_obstacle.o
                0x000000000800c990                sub_game_obstacle_update()
 .text._Z22sub_game_obstacle_drawv
                0x000000000800c9d8       0x4c build_submarine-dodge-application/sub_game_obstacle.o
                0x000000000800c9d8                sub_game_obstacle_draw()
 .text._Z31sub_game_obstacle_hit_submarinev
                0x000000000800ca24       0x5c build_submarine-dodge-application/sub_game_obstacle.o
                0x000000000800ca24                sub_game_obstacle_hit_submarine()
 .text._Z35sub_game_enemy_bullet_hit_submarinev
                0x000000000800ca80       0x5c build_submarine-dodge-application/sub_game_obstacle.o
                0x000000000800ca80                sub_game_enemy_bullet_hit_submarine()
 .text._Z24sub_game_obstacle_handleP8ak_msg_t
                0x000000000800cadc       0xf8 build_submarine-dodge-application/sub_game_obstacle.o
                0x000000000800cadc                sub_game_obstacle_handle(ak_msg_t*)
 .text._Z30sub_game_obstacle_draw_bulletsv
                0x000000000800cbd4       0x40 build_submarine-dodge-application/sub_game_obstacle.o
                0x000000000800cbd4                sub_game_obstacle_draw_bullets()
 .text._Z19sub_game_bang_setupv
                0x000000000800cc14       0x18 build_submarine-dodge-application/sub_game_bang.o
                0x000000000800cc14                sub_game_bang_setup()
 .text._Z19sub_game_bang_spawnaa
                0x000000000800cc2c       0x30 build_submarine-dodge-application/sub_game_bang.o
                0x000000000800cc2c                sub_game_bang_spawn(signed char, signed char)
 .text._Z20sub_game_bang_updatev
                0x000000000800cc5c       0x24 build_submarine-dodge-application/sub_game_bang.o
                0x000000000800cc5c                sub_game_bang_update()
 .text._Z18sub_game_bang_drawv
                0x000000000800cc80       0x48 build_submarine-dodge-application/sub_game_bang.o
                0x000000000800cc80                sub_game_bang_draw()
 .text._Z20sub_game_bang_handleP8ak_msg_t
                0x000000000800ccc8       0x18 build_submarine-dodge-application/sub_game_bang.o
                0x000000000800ccc8                sub_game_bang_handle(ak_msg_t*)
 .text._Z25scr_submarine_game_handleP8ak_msg_t
                0x000000000800cce0      0x1ec build_submarine-dodge-application/scr_submarine_game.o
                0x000000000800cce0                scr_submarine_game_handle(ak_msg_t*)
 .text._ZL23view_scr_submarine_gamev
                0x000000000800cecc      0x194 build_submarine-dodge-application/scr_submarine_game.o
 .text._Z19sub_game_boss_setupv
                0x000000000800d060       0x34 build_submarine-dodge-application/sub_game_boss.o
                0x000000000800d060                sub_game_boss_setup()
 .text._Z20sub_game_boss_updatev
                0x000000000800d094       0xa4 build_submarine-dodge-application/sub_game_boss.o
                0x000000000800d094                sub_game_boss_update()
 .text._Z28sub_game_boss_hit_by_torpedov
                0x000000000800d138       0x78 build_submarine-dodge-application/sub_game_boss.o
                0x000000000800d138                sub_game_boss_hit_by_torpedo()
 .text._Z34sub_game_boss_bullet_hit_submarinev
                0x000000000800d1b0       0x68 build_submarine-dodge-application/sub_game_boss.o
                0x000000000800d1b0                sub_game_boss_bullet_hit_submarine()
 .text._Z20sub_game_boss_handleP8ak_msg_t
                0x000000000800d218       0x14 build_submarine-dodge-application/sub_game_boss.o
                0x000000000800d218                sub_game_boss_handle(ak_msg_t*)
 .text._Z18sub_game_boss_drawv
                0x000000000800d22c       0x68 build_submarine-dodge-application/sub_game_boss.o
                0x000000000800d22c                sub_game_boss_draw()
 .text._Z21sub_game_boss_draw_hpv
                0x000000000800d294       0x70 build_submarine-dodge-application/sub_game_boss.o
                0x000000000800d294                sub_game_boss_draw_hp()
 .text._ZL19view_render_dynamicPv
                0x000000000800d304        0xa build_submarine-dodge-application/view_render.o
 *fill*         0x000000000800d30e        0x2 
 .text._Z22view_render_display_onv
                0x000000000800d310        0xc build_submarine-dodge-application/view_render.o
                0x000000000800d310                view_render_display_on()
 .text.startup._GLOBAL__sub_I_view_render
                0x000000000800d31c        0xc build_submarine-dodge-application/view_render.o
 .text.exit._GLOBAL__sub_D_view_render
                0x000000000800d328        0xc build_submarine-dodge-application/view_render.o
 .text._Z18view_render_screenP13view_screen_t
                0x000000000800d334       0x68 build_submarine-dodge-application/view_render.o
                0x000000000800d334                view_render_screen(view_screen_t*)
 .text._ZL21view_render_rectanglePv
                0x000000000800d39c       0xe8 build_submarine-dodge-application/view_render.o
 .text._Z12scr_mng_ctorP9scr_mng_tPFvP8ak_msg_tEP13view_screen_t
                0x000000000800d484       0x20 build_submarine-dodge-application/screen_manager.o
                0x000000000800d484                scr_mng_ctor(scr_mng_t*, void (*)(ak_msg_t*), view_screen_t*)
 .text._Z16scr_mng_dispatchP8ak_msg_t
                0x000000000800d4a4       0x48 build_submarine-dodge-application/screen_manager.o
                0x000000000800d4a4                scr_mng_dispatch(ak_msg_t*)
 .text._Z12scr_mng_tranPFvP8ak_msg_tEP13view_screen_t
                0x000000000800d4ec       0x44 build_submarine-dodge-application/screen_manager.o
                0x000000000800d4ec                scr_mng_tran(void (*)(ak_msg_t*), view_screen_t*)
 .text._ZN12Adafruit_GFX8drawLineEsssst
                0x000000000800d530       0xbe build_submarine-dodge-application/Adafruit_GFX.o
                0x000000000800d530                Adafruit_GFX::drawLine(short, short, short, short, unsigned short)
 .text._ZN12Adafruit_GFX8drawRectEsssst
                0x000000000800d5ee       0x68 build_submarine-dodge-application/Adafruit_GFX.o
                0x000000000800d5ee                Adafruit_GFX::drawRect(short, short, short, short, unsigned short)
 .text._ZN12Adafruit_GFX13drawFastVLineEssst
                0x000000000800d656       0x1c build_submarine-dodge-application/Adafruit_GFX.o
                0x000000000800d656                Adafruit_GFX::drawFastVLine(short, short, short, unsigned short)
 .text._ZN12Adafruit_GFX13drawFastHLineEssst
                0x000000000800d672       0x1a build_submarine-dodge-application/Adafruit_GFX.o
                0x000000000800d672                Adafruit_GFX::drawFastHLine(short, short, short, unsigned short)
 .text._ZN12Adafruit_GFX8fillRectEsssst
                0x000000000800d68c       0x38 build_submarine-dodge-application/Adafruit_GFX.o
                0x000000000800d68c                Adafruit_GFX::fillRect(short, short, short, short, unsigned short)
 .text._ZN12Adafruit_GFX10fillScreenEt
                0x000000000800d6c4       0x1c build_submarine-dodge-application/Adafruit_GFX.o
                0x000000000800d6c4                Adafruit_GFX::fillScreen(unsigned short)
 .text._ZN12Adafruit_GFXC2Ess
                0x000000000800d6e0       0x28 build_submarine-dodge-application/Adafruit_GFX.o
                0x000000000800d6e0                Adafruit_GFX::Adafruit_GFX(short, short)
                0x000000000800d6e0                Adafruit_GFX::Adafruit_GFX(short, short)
 .text._ZN12Adafruit_GFX10drawCircleEssst
                0x000000000800d708      0x172 build_submarine-dodge-application/Adafruit_GFX.o
                0x000000000800d708                Adafruit_GFX::drawCircle(short, short, short, unsigned short)
 .text._ZN12Adafruit_GFX10drawBitmapEssPKhsst
                0x000000000800d87a       0x92 build_submarine-dodge-application/Adafruit_GFX.o
                0x000000000800d87a                Adafruit_GFX::drawBitmap(short, short, unsigned char const*, short, short, unsigned short)
 .text._ZN12Adafruit_GFX8drawCharEsshtth
                0x000000000800d90c      0x108 build_submarine-dodge-application/Adafruit_GFX.o
                0x000000000800d90c                Adafruit_GFX::drawChar(short, short, unsigned char, unsigned short, unsigned short, unsigned char)
 .text._ZN12Adafruit_GFX5writeEh
                0x000000000800da14       0x64 build_submarine-dodge-application/Adafruit_GFX.o
                0x000000000800da14                Adafruit_GFX::write(unsigned char)
 .text._ZN12Adafruit_GFX9setCursorEss
                0x000000000800da78        0x6 build_submarine-dodge-application/Adafruit_GFX.o
                0x000000000800da78                Adafruit_GFX::setCursor(short, short)
 .text._ZN12Adafruit_GFX11setTextSizeEh
                0x000000000800da7e        0xa build_submarine-dodge-application/Adafruit_GFX.o
                0x000000000800da7e                Adafruit_GFX::setTextSize(unsigned char)
 .text._ZN12Adafruit_GFX12setTextColorEt
                0x000000000800da88        0x6 build_submarine-dodge-application/Adafruit_GFX.o
                0x000000000800da88                Adafruit_GFX::setTextColor(unsigned short)
 .text._ZN12Adafruit_GFX5widthEv
                0x000000000800da8e        0x6 build_submarine-dodge-application/Adafruit_GFX.o
                0x000000000800da8e                Adafruit_GFX::width()
 .text._ZN12Adafruit_GFX6heightEv
                0x000000000800da94        0x6 build_submarine-dodge-application/Adafruit_GFX.o
                0x000000000800da94                Adafruit_GFX::height()
 .text._ZN17Adafruit_oled_drv9updateRowEii
                0x000000000800da9a       0x1e build_submarine-dodge-application/Adafruit_oled_drv.o
                0x000000000800da9a                Adafruit_oled_drv::updateRow(int, int)
 .text._ZN17Adafruit_oled_drv9drawPixelEsst
                0x000000000800dab8       0x52 build_submarine-dodge-application/Adafruit_oled_drv.o
                0x000000000800dab8                Adafruit_oled_drv::drawPixel(short, short, unsigned short)
 *fill*         0x000000000800db0a        0x2 
 .text._ZN17Adafruit_oled_drvC2Ev
                0x000000000800db0c       0x28 build_submarine-dodge-application/Adafruit_oled_drv.o
                0x000000000800db0c                Adafruit_oled_drv::Adafruit_oled_drv()
                0x000000000800db0c                Adafruit_oled_drv::Adafruit_oled_drv()
 .text._ZN17Adafruit_oled_drvD2Ev
                0x000000000800db34        0x2 build_submarine-dodge-application/Adafruit_oled_drv.o
                0x000000000800db34                Adafruit_oled_drv::~Adafruit_oled_drv()
                0x000000000800db34                Adafruit_oled_drv::~Adafruit_oled_drv()
 .text._ZN17Adafruit_oled_drv5clearEb
                0x000000000800db36       0x22 build_submarine-dodge-application/Adafruit_oled_drv.o
                0x000000000800db36                Adafruit_oled_drv::clear(bool)
 .text._ZN17Adafruit_oled_drv9writeByteEh
                0x000000000800db58       0x54 build_submarine-dodge-application/Adafruit_oled_drv.o
                0x000000000800db58                Adafruit_oled_drv::writeByte(unsigned char)
 .text._ZN17Adafruit_oled_drv8startIICEv
                0x000000000800dbac       0x2c build_submarine-dodge-application/Adafruit_oled_drv.o
                0x000000000800dbac                Adafruit_oled_drv::startIIC()
 .text._ZN17Adafruit_oled_drv7stopIICEv
                0x000000000800dbd8       0x2c build_submarine-dodge-application/Adafruit_oled_drv.o
                0x000000000800dbd8                Adafruit_oled_drv::stopIIC()
 .text._ZN17Adafruit_oled_drv12writeCommandEh
                0x000000000800dc04       0x2c build_submarine-dodge-application/Adafruit_oled_drv.o
                0x000000000800dc04                Adafruit_oled_drv::writeCommand(unsigned char)
 .text._ZN17Adafruit_oled_drv10initializeEv
                0x000000000800dc30      0x120 build_submarine-dodge-application/Adafruit_oled_drv.o
                0x000000000800dc30                Adafruit_oled_drv::initialize()
 .text._ZN17Adafruit_oled_drv10display_onEv
                0x000000000800dd50        0x6 build_submarine-dodge-application/Adafruit_oled_drv.o
                0x000000000800dd50                Adafruit_oled_drv::display_on()
 .text._ZN17Adafruit_oled_drv11display_offEv
                0x000000000800dd56        0x6 build_submarine-dodge-application/Adafruit_oled_drv.o
                0x000000000800dd56                Adafruit_oled_drv::display_off()
 .text._ZN17Adafruit_oled_drv17startDataSequenceEv
                0x000000000800dd5c       0x1c build_submarine-dodge-application/Adafruit_oled_drv.o
                0x000000000800dd5c                Adafruit_oled_drv::startDataSequence()
 .text._ZN17Adafruit_oled_drv6updateEv
                0x000000000800dd78       0x4e build_submarine-dodge-application/Adafruit_oled_drv.o
                0x000000000800dd78                Adafruit_oled_drv::update()
 .text._ZN17Adafruit_oled_drv9updateRowEi
                0x000000000800ddc6       0x6c build_submarine-dodge-application/Adafruit_oled_drv.o
                0x000000000800ddc6                Adafruit_oled_drv::updateRow(int)
 .text.eeprom_read
                0x000000000800de32        0x4 build_submarine-dodge-application/eeprom.o
                0x000000000800de32                eeprom_read
 .text.eeprom_write
                0x000000000800de36        0x4 build_submarine-dodge-application/eeprom.o
                0x000000000800de36                eeprom_write
 .text.eeprom_erase
                0x000000000800de3a        0x4 build_submarine-dodge-application/eeprom.o
                0x000000000800de3a                eeprom_erase
 .text._ZL19link_hal_write_byteh
                0x000000000800de3e        0x2 build_submarine-dodge-application/link_hal.o
 .text._ZL17link_hal_rev_byteh
                0x000000000800de40        0x4 build_submarine-dodge-application/link_hal.o
 .text._Z23link_hal_reg_write_bytePFhhE
                0x000000000800de44       0x28 build_submarine-dodge-application/link_hal.o
                0x000000000800de44                link_hal_reg_write_byte(unsigned char (*)(unsigned char))
 .text._Z21link_hal_reg_rev_bytePFhhE
                0x000000000800de6c       0x28 build_submarine-dodge-application/link_hal.o
                0x000000000800de6c                link_hal_reg_rev_byte(unsigned char (*)(unsigned char))
 .text._ZL21fsm_link_state_handleP8ak_msg_t
                0x000000000800de94      0x2b0 build_submarine-dodge-application/link.o
 .text._ZL19fsm_link_state_initP8ak_msg_t
                0x000000000800e144       0x80 build_submarine-dodge-application/link.o
 .text._Z9task_linkP8ak_msg_t
                0x000000000800e1c4        0xc build_submarine-dodge-application/link.o
                0x000000000800e1c4                task_link(ak_msg_t*)
 .text._Z23link_init_state_machinev
                0x000000000800e1d0       0x2c build_submarine-dodge-application/link.o
                0x000000000800e1d0                link_init_state_machine()
 .text._ZL23link_mac_frame_send_reqv
                0x000000000800e1fc       0x3c build_submarine-dodge-application/link_mac.o
 .text._ZL23link_mac_frame_send_endv
                0x000000000800e238       0x34 build_submarine-dodge-application/link_mac.o
 .text._ZL28link_mac_frame_cals_checksumP16link_mac_frame_t.constprop.0
                0x000000000800e26c       0x38 build_submarine-dodge-application/link_mac.o
 .text._Z25fsm_link_mac_state_handleP8ak_msg_t
                0x000000000800e2a4      0x2b8 build_submarine-dodge-application/link_mac.o
                0x000000000800e2a4                fsm_link_mac_state_handle(ak_msg_t*)
 .text._Z13task_link_macP8ak_msg_t
                0x000000000800e55c        0xc build_submarine-dodge-application/link_mac.o
                0x000000000800e55c                task_link_mac(ak_msg_t*)
 .text._Z23fsm_link_mac_state_initP8ak_msg_t
                0x000000000800e568       0x88 build_submarine-dodge-application/link_mac.o
                0x000000000800e568                fsm_link_mac_state_init(ak_msg_t*)
 .text._ZL26link_phy_frame_write_blockPhm
                0x000000000800e5f0       0x1c build_submarine-dodge-application/link_phy.o
 .text._ZL20link_phy_frame_writeP16link_phy_frame_t
                0x000000000800e60c       0x1c build_submarine-dodge-application/link_phy.o
 .text._ZL28link_phy_frame_cals_checksumP16link_phy_frame_t
                0x000000000800e628       0x38 build_submarine-dodge-application/link_phy.o
 .text._ZL25link_phy_frame_write_byteh
                0x000000000800e660        0xc build_submarine-dodge-application/link_phy.o
 .text._ZL26ac_link_phy_frame_rev_byteh
                0x000000000800e66c      0x100 build_submarine-dodge-application/link_phy.o
 .text._ZL19link_phy_frame_sendv
                0x000000000800e76c       0x2c build_submarine-dodge-application/link_phy.o
 .text._Z25fsm_link_phy_state_handleP8ak_msg_t
                0x000000000800e798      0x1f0 build_submarine-dodge-application/link_phy.o
                0x000000000800e798                fsm_link_phy_state_handle(ak_msg_t*)
 .text._Z13task_link_phyP8ak_msg_t
                0x000000000800e988        0xc build_submarine-dodge-application/link_phy.o
                0x000000000800e988                task_link_phy(ak_msg_t*)
 .text._Z23fsm_link_phy_state_initP8ak_msg_t
                0x000000000800e994       0x90 build_submarine-dodge-application/link_phy.o
                0x000000000800e994                fsm_link_phy_state_init(ak_msg_t*)
 .text._Z26link_phy_get_send_frame_tov
                0x000000000800ea24       0x10 build_submarine-dodge-application/link_phy.o
                0x000000000800ea24                link_phy_get_send_frame_to()
 .text._Z13link_pdu_initv
                0x000000000800ea34       0x54 build_submarine-dodge-application/link_data.o
                0x000000000800ea34                link_pdu_init()
 .text._Z15link_pdu_mallocv
                0x000000000800ea88       0x24 build_submarine-dodge-application/link_data.o
                0x000000000800ea88                link_pdu_malloc()
 .text._Z12link_pdu_getm
                0x000000000800eaac       0x3c build_submarine-dodge-application/link_data.o
                0x000000000800eaac                link_pdu_get(unsigned long)
 .text._Z13link_pdu_freem
                0x000000000800eae8       0x4c build_submarine-dodge-application/link_data.o
                0x000000000800eae8                link_pdu_free(unsigned long)
 .text._Z17link_get_src_addrv
                0x000000000800eb34       0x18 build_submarine-dodge-application/link_data.o